// Jest Snapshot v1, https://goo.gl/fbAQLP

exports[`repo output export correctly 1`] = `
{
  "default": {
    "framework:vite": [
      "factory",
      [Function],
    ],
    "middleware:vite": [
      "factory",
      [Function],
    ],
    "middleware:vite-before": [
      "factory",
      [Function],
    ],
    "vite": [
      "factory",
      [Function],
    ],
  },
}
`;
